// Vitest Snapshot v1, https://vitest.dev/guide/snapshot.html

exports[`test custom info reporter 1`] = `
{
  "config": {
    "configFile": "playwright.config.ts",
    "projects": [
      {
        "name": "chromium",
        "outputDir": "test-results/chromium",
      },
      {
        "name": "firefox",
        "outputDir": "test-results",
      },
      {
        "name": "webkit",
        "outputDir": "test-results",
      },
    ],
    "workers": 2,
  },
  "testRun": {
    "basic-case.spec.ts": {
      "10:9": {
        "projects": [
          "chromium",
          "firefox",
          "webkit",
        ],
        "timeout": 30000,
      },
      "4:5": {
        "projects": [
          "chromium",
          "firefox",
          "webkit",
        ],
        "timeout": 30000,
      },
    },
    "constant-timeout.spec.ts": {
      "12:9": {
        "projects": [
          "chromium",
          "firefox",
          "webkit",
        ],
        "timeout": 45000,
      },
      "16:9": {
        "projects": [
          "chromium",
          "firefox",
          "webkit",
        ],
        "timeout": 50000,
      },
      "23:13": {
        "projects": [
          "chromium",
          "firefox",
          "webkit",
        ],
        "timeout": 135000,
      },
      "4:5": {
        "projects": [
          "chromium",
          "firefox",
          "webkit",
        ],
        "timeout": 40000,
      },
    },
    "failed.spec.ts": {
      "3:5": {
        "projects": [
          "chromium",
          "firefox",
          "webkit",
        ],
        "timeout": 30000,
      },
    },
    "serial-top-level.spec.ts": {
      "0:0": {
        "projects": [
          "chromium",
          "firefox",
          "webkit",
        ],
        "timeout": 60000,
      },
    },
    "serial.spec.ts": {
      "10:9": {
        "projects": [
          "chromium",
          "firefox",
          "webkit",
        ],
        "timeout": 30000,
      },
      "14:10": {
        "projects": [
          "chromium",
          "firefox",
          "webkit",
        ],
        "timeout": 85000,
      },
      "4:5": {
        "projects": [
          "chromium",
          "firefox",
          "webkit",
        ],
        "timeout": 30000,
      },
    },
  },
}
`;
